
> sonicmarathon@1.0.0 check
> npm run typecheck && npm test


> sonicmarathon@1.0.0 typecheck
> svelte-check --tsconfig ./tsconfig.json

Loading svelte-check in workspace: /home/runner/work/SonicMarathon/SonicMarathon
Getting Svelte diagnostics...

[32msvelte-check found 0 errors and 0 warnings
[39m
> sonicmarathon@1.0.0 test
> vitest run

12:59:25 PM [vite-plugin-svelte] no Svelte config found at /home/runner/work/SonicMarathon/SonicMarathon - using default configuration.

[1m[30m[46m RUN [49m[39m[22m [36mv4.1.10 [39m[90m/home/runner/work/SonicMarathon/SonicMarathon[39m

 [32m✓[39m tests/unit/applicationQueries.test.ts [2m([22m[2m6 tests[22m[2m)[22m[32m 8[2mms[22m[39m
 [32m✓[39m tests/unit/staticSonicGameRepository.test.ts [2m([22m[2m10 tests[22m[2m)[22m[32m 10[2mms[22m[39m
 [32m✓[39m tests/unit/sonicGame.test.ts [2m([22m[2m12 tests[22m[2m)[22m[32m 13[2mms[22m[39m
 [32m✓[39m tests/unit/applicationArchitecture.test.ts [2m([22m[2m1 test[22m[2m)[22m[32m 5[2mms[22m[39m
 [32m✓[39m tests/unit/homePage.test.ts [2m([22m[2m1 test[22m[2m)[22m[32m 121[2mms[22m[39m
 [32m✓[39m tests/unit/timelineComponent.test.ts [2m([22m[2m3 tests[22m[2m)[22m[32m 140[2mms[22m[39m
 [32m✓[39m tests/unit/presentationArchitecture.test.ts [2m([22m[2m1 test[22m[2m)[22m[32m 3[2mms[22m[39m

[2m Test Files [22m [1m[32m7 passed[39m[22m[90m (7)[39m
[2m      Tests [22m [1m[32m34 passed[39m[22m[90m (34)[39m
[2m   Start at [22m 12:59:25
[2m   Duration [22m 3.09s[2m (transform 1.30s, setup 3.15s, import 275ms, tests 300ms, environment 3.16s)[22m

